<program language="IPPcode20">
  <instruction order="1" opcode="MOVE">
    <arg1 type="var">GF@nah</arg1>
    <arg2 type="int">+0025</arg2>
  </instruction>
</program>

